1..330
ok 1 -  Friday, December 2, 2016 7 # skip SKIP
ok 2 -  location # skip SKIP
ok 3 -  persona # skip SKIP
ok 4 -  resolution # skip SKIP
ok 5 -  testcases # skip SKIP
ok 6 -  xi threads # skip SKIP
ok 7 - acceptance/HAWKING_50_PAGES.PST
ok 8 - acceptance/ISO-IEC_24712_FCD_Test_Suite-FINAL.pdf
ok 9 - acceptance/camera.ps
ok 10 - pdf/annotation/callout_with_text_NAP.pdf
ok 11 - pdf/annotation/simplecap_NAP.pdf
ok 12 - pdf/annotation/watermark/bottom-left/ll_180w.test.pdf
ok 13 - pdf/annotation/watermark/bottom-left/ll_270w.test.pdf
ok 14 - pdf/annotation/watermark/bottom-left/ll_90w.test.pdf
ok 15 - pdf/annotation/watermark/bottom-left/ll_w.pdf
ok 16 - pdf/annotation/watermark/bottom-left/lp_180w.test.pdf
ok 17 - pdf/annotation/watermark/bottom-left/lp_270w.test.pdf
ok 18 - pdf/annotation/watermark/bottom-left/lp_90w.test.pdf
ok 19 - pdf/annotation/watermark/bottom-left/lp_w.pdf
ok 20 - pdf/annotation/watermark/bottom-left/pl_180w.test.pdf
ok 21 - pdf/annotation/watermark/bottom-left/pl_270w.test.pdf
ok 22 - pdf/annotation/watermark/bottom-left/pl_90w.test.pdf
ok 23 - pdf/annotation/watermark/bottom-left/pl_w.pdf
ok 24 - pdf/annotation/watermark/bottom-left/pp_180w.test.pdf
ok 25 - pdf/annotation/watermark/bottom-left/pp_270w.test.pdf
ok 26 - pdf/annotation/watermark/bottom-left/pp_90w.test.pdf
ok 27 - pdf/annotation/watermark/bottom-left/pp_w.pdf
ok 28 - pdf/annotation/watermark/fixedprint_A1.pdf
ok 29 - pdf/annotation/watermark/ll-top-right.pdf
ok 30 - pdf/annotation/watermark/pp-center-90.pdf
ok 31 - pdf/annotation/watermark/pp-center.pdf
ok 32 - pdf/annotation/watermark/pp_180_45_rotate.pdf
ok 33 - pdf/charstrings_from_post/acezgbpc.pdf
ok 34 - pdf/charstrings_from_post/v1post.pdf
ok 35 - pdf/charstrings_from_post/v3post.pdf
ok 36 - pdf/font_mapping/AvantGarde-Book.pdf
ok 37 - pdf/font_mapping/AvantGarde-BookOblique.pdf
ok 38 - pdf/font_mapping/AvantGarde-Demi.pdf
ok 39 - pdf/font_mapping/AvantGarde-DemiOblique.pdf
ok 40 - pdf/font_mapping/Bookman-Demi.pdf
ok 41 - pdf/font_mapping/Bookman-DemiItalic.pdf
ok 42 - pdf/font_mapping/Bookman-Light.pdf
ok 43 - pdf/font_mapping/Bookman-LightItalic.pdf
ok 44 - pdf/font_mapping/CenturySchlbk-Bold.pdf
ok 45 - pdf/font_mapping/CenturySchlbk-BoldItalic.pdf
ok 46 - pdf/font_mapping/CenturySchlbk-Italic.pdf
ok 47 - pdf/font_mapping/CenturySchlbk-Roman.pdf
ok 48 - pdf/font_mapping/Courier-Bold.pdf
ok 49 - pdf/font_mapping/Courier-BoldOblique.pdf
ok 50 - pdf/font_mapping/Courier-Oblique.pdf
ok 51 - pdf/font_mapping/Courier.pdf
ok 52 - pdf/font_mapping/Helvetica-Black.pdf
ok 53 - pdf/font_mapping/Helvetica-BlackOblique.pdf
ok 54 - pdf/font_mapping/Helvetica-Bold.pdf
ok 55 - pdf/font_mapping/Helvetica-BoldOblique.pdf
ok 56 - pdf/font_mapping/Helvetica-Light.pdf
ok 57 - pdf/font_mapping/Helvetica-LightOblique.pdf
ok 58 - pdf/font_mapping/Helvetica-Narrow-Bold.pdf
ok 59 - pdf/font_mapping/Helvetica-Narrow-BoldOblique.pdf
ok 60 - pdf/font_mapping/Helvetica-Narrow-Oblique.pdf
ok 61 - pdf/font_mapping/Helvetica-Narrow.pdf
ok 62 - pdf/font_mapping/Helvetica-Oblique.pdf
ok 63 - pdf/font_mapping/Helvetica.pdf
ok 64 - pdf/font_mapping/Palatino-Bold.pdf
ok 65 - pdf/font_mapping/Palatino-BoldItalic.pdf
ok 66 - pdf/font_mapping/Palatino-Italic.pdf
ok 67 - pdf/font_mapping/Palatino-Roman.pdf
ok 68 - pdf/font_mapping/Symbol.pdf
ok 69 - pdf/font_mapping/Times-Bold.pdf
ok 70 - pdf/font_mapping/Times-BoldItalic.pdf
ok 71 - pdf/font_mapping/Times-Italic.pdf
ok 72 - pdf/font_mapping/Times-Roman.pdf
ok 73 - pdf/font_mapping/ZapfChancery-MediumItalic.pdf
ok 74 - pdf/font_mapping/ZapfDingbats.pdf
ok 75 - pdf/font_mapping/comic-non.pdf
ok 76 - pdf/font_mapping/georgia.pdf
ok 77 - pdf/font_mapping/lucidaconsole.pdf
ok 78 - pdf/font_mapping/lucidasans.pdf
ok 79 - pdf/font_mapping/mediaonly_nrml.pdf
ok 80 - pdf/font_mapping/non-embedded/arial-bold.pdf
ok 81 - pdf/font_mapping/non-embedded/arial-bolditalic.pdf
ok 82 - pdf/font_mapping/non-embedded/arial-italic.pdf
ok 83 - pdf/font_mapping/non-embedded/arial.pdf
ok 84 - pdf/font_mapping/non-embedded/batang-bold.pdf
ok 85 - pdf/font_mapping/non-embedded/batang-bolditalic.pdf
ok 86 - pdf/font_mapping/non-embedded/batang-italic.pdf
ok 87 - pdf/font_mapping/non-embedded/batang.pdf
ok 88 - pdf/font_mapping/non-embedded/comic-bold.pdf
ok 89 - pdf/font_mapping/non-embedded/comic-bolditalic.pdf
ok 90 - pdf/font_mapping/non-embedded/comic-italic.pdf
ok 91 - pdf/font_mapping/non-embedded/comic.pdf
ok 92 - pdf/font_mapping/non-embedded/couriernew-bold.pdf
ok 93 - pdf/font_mapping/non-embedded/couriernew-bolditalic.pdf
ok 94 - pdf/font_mapping/non-embedded/couriernew-italic.pdf
ok 95 - pdf/font_mapping/non-embedded/couriernew.pdf
ok 96 - pdf/font_mapping/non-embedded/gautami-bold.pdf
ok 97 - pdf/font_mapping/non-embedded/gautami-bolditalic.pdf
ok 98 - pdf/font_mapping/non-embedded/gautami-italic.pdf
ok 99 - pdf/font_mapping/non-embedded/gautami.pdf
ok 100 - pdf/font_mapping/non-embedded/geogia-bold.pdf
ok 101 - pdf/font_mapping/non-embedded/geogia-bolditalic.pdf
ok 102 - pdf/font_mapping/non-embedded/geogia-italic.pdf
ok 103 - pdf/font_mapping/non-embedded/geogia.pdf
ok 104 - pdf/font_mapping/non-embedded/gulim-bold.pdf
ok 105 - pdf/font_mapping/non-embedded/gulim-bolditalic.pdf
ok 106 - pdf/font_mapping/non-embedded/gulim-italic.pdf
ok 107 - pdf/font_mapping/non-embedded/gulim.pdf
ok 108 - pdf/font_mapping/non-embedded/impact-bold.pdf
ok 109 - pdf/font_mapping/non-embedded/impact-bolditalic.pdf
ok 110 - pdf/font_mapping/non-embedded/impact-italic.pdf
ok 111 - pdf/font_mapping/non-embedded/impact.pdf
ok 112 - pdf/font_mapping/non-embedded/kartika-bold.pdf
ok 113 - pdf/font_mapping/non-embedded/kartika-bolditalic.pdf
ok 114 - pdf/font_mapping/non-embedded/kartika-italic.pdf
ok 115 - pdf/font_mapping/non-embedded/kartika.pdf
ok 116 - pdf/font_mapping/non-embedded/latha-bold.pdf
ok 117 - pdf/font_mapping/non-embedded/latha-bolditalic.pdf
ok 118 - pdf/font_mapping/non-embedded/latha-italic.pdf
ok 119 - pdf/font_mapping/non-embedded/latha.pdf
ok 120 - pdf/font_mapping/non-embedded/lucida-bold.pdf
ok 121 - pdf/font_mapping/non-embedded/lucida-bolditalic.pdf
ok 122 - pdf/font_mapping/non-embedded/lucida-italic.pdf
ok 123 - pdf/font_mapping/non-embedded/lucida.pdf
ok 124 - pdf/font_mapping/non-embedded/lucidaconsole-bold.pdf
ok 125 - pdf/font_mapping/non-embedded/lucidaconsole-bolditalic.pdf
ok 126 - pdf/font_mapping/non-embedded/lucidaconsole-italic.pdf
ok 127 - pdf/font_mapping/non-embedded/lucidaconsole.pdf
ok 128 - pdf/font_mapping/non-embedded/lucidaunicode-bold.pdf
ok 129 - pdf/font_mapping/non-embedded/lucidaunicode-bolditalic.pdf
ok 130 - pdf/font_mapping/non-embedded/lucidaunicode-italic.pdf
ok 131 - pdf/font_mapping/non-embedded/lucidaunicode.pdf
ok 132 - pdf/font_mapping/non-embedded/mangal-bold.pdf
ok 133 - pdf/font_mapping/non-embedded/mangal-bolditalic.pdf
ok 134 - pdf/font_mapping/non-embedded/mangal-italic.pdf
ok 135 - pdf/font_mapping/non-embedded/mangal.pdf
ok 136 - pdf/font_mapping/non-embedded/marlett-bold.pdf
ok 137 - pdf/font_mapping/non-embedded/marlett-bolditalic.pdf
ok 138 - pdf/font_mapping/non-embedded/marlett-italic.pdf
ok 139 - pdf/font_mapping/non-embedded/marlett.pdf
ok 140 - pdf/font_mapping/non-embedded/mincho-bold.pdf
ok 141 - pdf/font_mapping/non-embedded/mincho-bolditalic.pdf
ok 142 - pdf/font_mapping/non-embedded/mincho-italic.pdf
ok 143 - pdf/font_mapping/non-embedded/mincho.pdf
ok 144 - pdf/font_mapping/non-embedded/mssansarif-bold.pdf
ok 145 - pdf/font_mapping/non-embedded/mssansarif-bolditalic.pdf
ok 146 - pdf/font_mapping/non-embedded/mssansarif-italic.pdf
ok 147 - pdf/font_mapping/non-embedded/mssansarif.pdf
ok 148 - pdf/font_mapping/non-embedded/mvboli-bold.pdf
ok 149 - pdf/font_mapping/non-embedded/mvboli-bolditalic.pdf
ok 150 - pdf/font_mapping/non-embedded/mvboli.pdf
ok 151 - pdf/font_mapping/non-embedded/raavi-bold.pdf
ok 152 - pdf/font_mapping/non-embedded/raavi-bolditalic.pdf
ok 153 - pdf/font_mapping/non-embedded/raavi-italic.pdf
ok 154 - pdf/font_mapping/non-embedded/raavi.pdf
ok 155 - pdf/font_mapping/non-embedded/shruti-bold.pdf
ok 156 - pdf/font_mapping/non-embedded/shruti-bolditalic.pdf
ok 157 - pdf/font_mapping/non-embedded/shruti-italic.pdf
ok 158 - pdf/font_mapping/non-embedded/shruti.pdf
ok 159 - pdf/font_mapping/non-embedded/sylfaen-bold.pdf
ok 160 - pdf/font_mapping/non-embedded/sylfaen-bolditalic.pdf
ok 161 - pdf/font_mapping/non-embedded/sylfaen-italic.pdf
ok 162 - pdf/font_mapping/non-embedded/sylfaen.pdf
ok 163 - pdf/font_mapping/non-embedded/tahoma-bold.pdf
ok 164 - pdf/font_mapping/non-embedded/tahoma-bolditalic.pdf
ok 165 - pdf/font_mapping/non-embedded/tahoma-italic.pdf
ok 166 - pdf/font_mapping/non-embedded/tahoma.pdf
ok 167 - pdf/font_mapping/non-embedded/times-bold.pdf
ok 168 - pdf/font_mapping/non-embedded/times-bolditallic.pdf
ok 169 - pdf/font_mapping/non-embedded/times-italic.pdf
ok 170 - pdf/font_mapping/non-embedded/times.pdf
ok 171 - pdf/font_mapping/non-embedded/trebuchet-bold.pdf
ok 172 - pdf/font_mapping/non-embedded/trebuchet-bolditalic.pdf
ok 173 - pdf/font_mapping/non-embedded/trebuchet-italic.pdf
ok 174 - pdf/font_mapping/non-embedded/trebuchet.pdf
ok 175 - pdf/font_mapping/non-embedded/tunga-bold.pdf
ok 176 - pdf/font_mapping/non-embedded/tunga-bolditalic.pdf
ok 177 - pdf/font_mapping/non-embedded/tunga-italic.pdf
ok 178 - pdf/font_mapping/non-embedded/tunga.pdf
ok 179 - pdf/font_mapping/non-embedded/verdana-bold-italic.pdf
ok 180 - pdf/font_mapping/non-embedded/verdana-bold.pdf
ok 181 - pdf/font_mapping/non-embedded/verdana-italic.pdf
ok 182 - pdf/font_mapping/non-embedded/verdana.pdf
ok 183 - pdf/font_mapping/non-embedded/vrinda-bold.pdf
ok 184 - pdf/font_mapping/non-embedded/vrinda-bolditalic.pdf
ok 185 - pdf/font_mapping/non-embedded/vrinda-italic.pdf
ok 186 - pdf/font_mapping/non-embedded/vrinda.pdf
ok 187 - pdf/font_mapping/sylfaen.pdf
ok 188 - pdf/font_mapping/test-embedded.pdf
ok 189 - pdf/font_mapping/test-nonembedded.pdf
ok 190 - pdf/font_mapping/test.pdf
ok 191 - pdf/font_mapping/unicode.pdf
ok 192 - pdf/fonts/report.pdf
ok 193 - pdf/invalidxref/hybrid_entry_l.pdf
ok 194 - pdf/invalidxref/tables_entry.pdf
ok 195 - pdf/invalidxref/tables_startxref.pdf
ok 196 - pdf/invalidxref/xrefstm_startxref_l.pdf
ok 197 - pdf/optional_content/contentgroup-anyOn.pdf
ok 198 - pdf/optional_content/contentgroup-basestate-off.pdf
ok 199 - pdf/optional_content/contentgroup-usage.pdf
ok 200 - pdf/optional_content/contentgroup-usage.pdf.orig
ok 201 - pdf/optional_content/contentgroup-ve1.pdf
ok 202 - pdf/optional_content/pathops.pdf
ok 203 - pdf/optional_content/xobj_form_oc.pdf
ok 204 - pdf/password_prompting/unencrypted.pdf
ok 205 - pdf/stateless_paths/paths01.pdf
ok 206 - pdf/stateless_paths/paths02.pdf
ok 207 - pdf/stateless_paths/paths03.pdf
ok 208 - pdf/stateless_paths/paths03e.pdf
ok 209 - pdf/stateless_paths/paths04.pdf
ok 210 - pdf/stateless_paths/paths05.pdf
ok 211 - pdf/viewer_prefs/empty_range.pdf
ok 212 - pdf/viewer_prefs/mix.pdf
ok 213 - pdf/viewer_prefs/neg_range.pdf
ok 214 - pdf/viewer_prefs/null_viewprefs.pdf
not ok 215 - pdf/viewer_prefs/num_cp6.pdf
ok 216 - pdf/viewer_prefs/odd_range.pdf
not ok 217 - pdf/viewer_prefs/override.pdf
not ok 218 - pdf/viewer_prefs/p4_3up.pdf
not ok 219 - pdf/viewer_prefs/p4_4up.pdf
not ok 220 - pdf/viewer_prefs/viewPrefs.pdf
not ok 221 - pdf/widths_to_metrics/72_17235.pdf
not ok 222 - pdf/widths_to_metrics/aeazagp3.pdf
not ok 223 - pdf/widths_to_metrics/widths01.pdf
ok 224 - pdf/widths_to_metrics/widths02.pdf
ok 225 - pdf/widths_to_metrics/widths03.pdf
ok 226 - pdf/widths_to_metrics/widths04.pdf
ok 227 - pdf/widths_to_metrics/widths05.pdf
ok 228 - ql7/cobra/ps/EX4T31DS.prn
ok 229 - ql7/cobra/ps/EX4T41DM.prn
ok 230 - ql7/cobra/ps/EX4T71CC.prn
ok 231 - ql7/cobra/ps/EX4TA1CT.prn
ok 232 - ql7/cobra/ps/IE8Z31CM.prn
ok 233 - ql7/cobra/ps/IE8Z41CM.prn
ok 234 - ql7/cobra/ps/IE8Z61CC.prn
ok 235 - ql7/cobra/ps/IE8Z71CC.prn
ok 236 - ql7/cobra/ps/IE8ZB1DC.prn
ok 237 - ql7/cobra/ps/PL4T31CM.prn
ok 238 - ql7/cobra/ps/PL4T41CM.prn
ok 239 - ql7/cobra/ps/PW4T31NM.prn
ok 240 - ql7/cobra/ps/WW4T31CM.prn
not ok 241 - ql7/pdf-distiller11/ACTN41CM.pdf
not ok 242 - ql7/pdf-distiller11/EX4TB1CC.pdf
not ok 243 - ql7/pdf-distiller11/IE8Z51CC.pdf
not ok 244 - ql7/pdf-distiller11/IE8Z71CC.pdf
not ok 245 - ql7/pdf-distiller11/PL4T31CM.pdf
not ok 246 - ql7/pdf-distiller11/PL4TA1CC.pdf
not ok 247 - ql7/pdf-distiller11/PL4TB1DC.pdf
not ok 248 - ql7/pdf-distiller11/PW4T41NM.pdf
not ok 249 - ql7/pdf-distiller11/WW4T41CM.pdf
not ok 250 - ql7/pdf-distiller11/WW4T61EC.pdf
not ok 251 - ql7/pdf-distiller11/WW4TP1DC.pdf
ok 252 - ql7/universal/PS/extw01ms
ok 253 - ql7/universal/PS/extw02ms
ok 254 - ql7/universal/PS/extw31cs
ok 255 - ql7/universal/PS/extw41cm
ok 256 - ql7/universal/PS/extw71cc
ok 257 - ql7/universal/PS/extw71dc
ok 258 - ql7/universal/PS/extw81dg
ok 259 - ql7/universal/PS/ie7031cs
ok 260 - ql7/universal/PS/ie7041dm
ok 261 - ql7/universal/PS/ie70a1cc
ok 262 - ql7/universal/PS/pltw31cm
ok 263 - ql7/universal/PS/pwtw31nm.prn
ok 264 - ql7/universal/PS/wwtw31cm.prn
ok 265 - ql7/universal/PS/wwtw41cm.prn
ok 266 - ql7/universal/PS/wwtw71ec.prn
ok 267 - ql7/universal/PS/wwtwb1cc.prn
ok 268 - ql7/universal/PS/wwtwc1dc.prn
ok 269 - ql7/universal/PS/wwtwi1ct.prn
ok 270 - ql7/universal/PS/wwtwj1ct.prn
ok 271 - ql7/universal/PS/wwtwk1ct.prn
ok 272 - ql7/universal/PS/wwtwl1ct.prn
ok 273 - ql7/universal/PS/wwtwm1ct.prn
ok 274 - ql7/universal/PS/wwtwn1ct.prn
ok 275 - ql7/universal/PS/wwtwr1mm.prn
ok 276 - ql7/universal/PS/wwtws1cc.prn
ok 277 - rendering/sentry/colortests/BrightnessContrastSaturation_CMYK.ps
ok 278 - rendering/sentry/colortests/BrightnessContrastSaturation_GRAY.ps
ok 279 - rendering/sentry/colortests/BrightnessContrastSaturation_RGB.ps
ok 280 - rendering/sentry/colortests/ColorBalance_C.ps
ok 281 - rendering/sentry/colortests/ColorBalance_K.ps
ok 282 - rendering/sentry/colortests/ColorBalance_M.ps
ok 283 - rendering/sentry/colortests/ColorBalance_Y.ps
ok 284 - rendering/sentry/colortests/ColorCorrection.ps
ok 285 - rendering/sentry/colortests/ColorSaver.ps
ok 286 - rendering/sentry/colortests/DebugObjectType_CMYK_graphics.ps
ok 287 - rendering/sentry/colortests/DebugObjectType_CMYK_image.ps
ok 288 - rendering/sentry/colortests/DebugObjectType_CMYK_text.ps
ok 289 - rendering/sentry/colortests/DebugObjectType_RGB_graphics.ps
ok 290 - rendering/sentry/colortests/DebugObjectType_RGB_image.ps
ok 291 - rendering/sentry/colortests/DebugObjectType_RGB_text.ps
ok 292 - rendering/sentry/colortests/DisableColorCorrection.ps
ok 293 - rendering/sentry/colortests/ManualColorCorrection_CMYK_graphics.ps
ok 294 - rendering/sentry/colortests/ManualColorCorrection_CMYK_image.ps
ok 295 - rendering/sentry/colortests/ManualColorCorrection_CMYK_text.ps
ok 296 - rendering/sentry/colortests/ManualColorCorrection_RGB_graphics.ps
ok 297 - rendering/sentry/colortests/ManualColorCorrection_RGB_image.ps
ok 298 - rendering/sentry/colortests/ManualColorCorrection_RGB_text.ps
ok 299 - rendering/sentry/colortests/ObjectSpecificTonerDarkness.ps
ok 300 - rendering/sentry/colortests/PSHalftoneCRDs_color_1200.ps
ok 301 - rendering/sentry/colortests/PSHalftoneCRDs_color_600.ps
ok 302 - rendering/sentry/colortests/PSHalftoneCRDs_default.ps
ok 303 - rendering/sentry/colortests/PrintMode.ps
ok 304 - rendering/sentry/colortests/RGBColorReplace.ps
ok 305 - rendering/sentry/colortests/SpotColorReplacement.ps
ok 306 - rendering/sentry/colortests/TonerDarkness_C.ps
ok 307 - rendering/sentry/colortests/TonerDarkness_K.ps
ok 308 - rendering/sentry/colortests/TonerDarkness_M.ps
ok 309 - rendering/sentry/colortests/TonerDarkness_Y.ps
ok 310 - rendering/sentry/monotests/BrightnessContrast_GRAY.ps
ok 311 - rendering/sentry/monotests/ColorCorrection.ps
ok 312 - rendering/sentry/monotests/TonerDarkness.ps
ok 313 - rendering/sentry/pmaptests/AllowUserScreensTestDefault.ps
ok 314 - rendering/sentry/pmaptests/AllowUserScreensTestOff.ps
ok 315 - rendering/sentry/pmaptests/AllowUserScreensTestOn.ps
ok 316 - rendering/sentry/pmaptests/BayerScreenLimit.ps
ok 317 - rendering/sentry/pmaptests/BlackTrapping.ps
ok 318 - rendering/sentry/pmaptests/Coring.ps
ok 319 - rendering/sentry/pmaptests/EnhanceFineLine.ps
ok 320 - rendering/sentry/pmaptests/FontOutlining.ps
ok 321 - rendering/sentry/pmaptests/PixelBoost.ps
ok 322 - rendering/sentry/pmaptests/Resolution.ps
ok 323 - rendering/sentry/pmaptests/UserScreen1200.ps
ok 324 - rendering/sentry/pmaptests/UserScreen1200IQ.ps
ok 325 - rendering/sentry/pmaptests/UserScreen2400IQ.ps
ok 326 - rendering/sentry/pmaptests/UserScreen600.ps
ok 327 - rendering/sentry/pmaptests/UserScreenType1.ps
ok 328 - rendering/sentry/pmaptests/UserScreensColor1200.ps
ok 329 - rendering/sentry/pmaptests/UserScreensColor2400IQ.ps
ok 330 - rendering/sentry/pmaptests/usescannerscreen.ps
